[WARN] 2026-05-01 04:20:36 /Users/c2j/Projects/Desktop_Projects/CODE/cobweb/lib/codeweb-complex-demo/sql/pkg_common.sql: unexpected token at line 8, column 7: expected end of statement, got Keyword(CREATE)
[WARN] 2026-05-01 04:20:36 /Users/c2j/Projects/Desktop_Projects/CODE/cobweb/lib/codeweb-complex-demo/sql/pkg_report.sql: unexpected token at line 13, column 7: expected end of statement, got Keyword(CREATE)
[INFO] 2026-05-01 04:20:36 /Users/c2j/Projects/Desktop_Projects/CODE/cobweb/lib/codeweb-complex-demo/sql/pkg_common.sql: 1 statements parsed
[WARN] 2026-05-01 04:20:36 /Users/c2j/Projects/Desktop_Projects/CODE/cobweb/lib/codeweb-complex-demo/sql/pkg_payment.sql: unexpected token at line 17, column 7: expected end of statement, got Keyword(CREATE)
[INFO] 2026-05-01 04:20:36 /Users/c2j/Projects/Desktop_Projects/CODE/cobweb/lib/codeweb-complex-demo/sql/pkg_report.sql: 1 statements parsed
[INFO] 2026-05-01 04:20:36 /Users/c2j/Projects/Desktop_Projects/CODE/cobweb/lib/codeweb-complex-demo/sql/pkg_payment.sql: 1 statements parsed
[WARN] 2026-05-01 04:20:36 /Users/c2j/Projects/Desktop_Projects/CODE/cobweb/lib/codeweb-complex-demo/sql/pkg_inventory.sql: unexpected token at line 15, column 7: expected end of statement, got Keyword(CREATE)
[WARN] 2026-05-01 04:20:36 /Users/c2j/Projects/Desktop_Projects/CODE/cobweb/lib/codeweb-complex-demo/sql/pkg_product.sql: unexpected token at line 9, column 7: expected end of statement, got Keyword(CREATE)
[INFO] 2026-05-01 04:20:36 /Users/c2j/Projects/Desktop_Projects/CODE/cobweb/lib/codeweb-complex-demo/sql/pkg_product.sql: 1 statements parsed
[INFO] 2026-05-01 04:20:36 /Users/c2j/Projects/Desktop_Projects/CODE/cobweb/lib/codeweb-complex-demo/sql/pkg_inventory.sql: 1 statements parsed
[WARN] 2026-05-01 04:20:36 /Users/c2j/Projects/Desktop_Projects/CODE/cobweb/lib/codeweb-complex-demo/sql/pkg_order.sql: unexpected token at line 14, column 7: expected end of statement, got Keyword(CREATE)
[INFO] 2026-05-01 04:20:36 /Users/c2j/Projects/Desktop_Projects/CODE/cobweb/lib/codeweb-complex-demo/sql/pkg_order.sql: 1 statements parsed
[INFO] 2026-05-01 04:20:36 /Users/c2j/Projects/Desktop_Projects/CODE/cobweb/lib/codeweb-complex-demo/sql/PACK_LOG.sql: 2 statements parsed
[INFO] 2026-05-01 04:20:36 /Users/c2j/Projects/Desktop_Projects/CODE/cobweb/lib/codeweb-complex-demo/sql/PKG_DEPOSIT_ACNT_INFO_INQUIRY.sql: 3 statements parsed
[INFO] 2026-05-01 04:20:36 /Users/c2j/Projects/Desktop_Projects/CODE/cobweb/lib/codeweb-complex-demo/java/com/example/dao/OrderDao.java: 0 SQL extractions
[INFO] 2026-05-01 04:20:36 /Users/c2j/Projects/Desktop_Projects/CODE/cobweb/lib/codeweb-complex-demo/java/com/example/util/TextUtil.java: 0 SQL extractions
[INFO] 2026-05-01 04:20:36 /Users/c2j/Projects/Desktop_Projects/CODE/cobweb/lib/codeweb-complex-demo/java/com/example/dao/PaymentDao.java: 0 SQL extractions
[INFO] 2026-05-01 04:20:36 /Users/c2j/Projects/Desktop_Projects/CODE/cobweb/lib/codeweb-complex-demo/java/com/example/dao/InventoryDao.java: 0 SQL extractions
[INFO] 2026-05-01 04:20:36 /Users/c2j/Projects/Desktop_Projects/CODE/cobweb/lib/codeweb-complex-demo/java/com/example/dao/ReportDao.java: 0 SQL extractions
[INFO] 2026-05-01 04:20:36 /Users/c2j/Projects/Desktop_Projects/CODE/cobweb/lib/codeweb-complex-demo/java/com/example/dao/OrderDao.java: 1 classes, 6 methods
[INFO] 2026-05-01 04:20:36 /Users/c2j/Projects/Desktop_Projects/CODE/cobweb/lib/codeweb-complex-demo/java/com/example/util/TextUtil.java: 1 classes, 2 methods
[INFO] 2026-05-01 04:20:36 /Users/c2j/Projects/Desktop_Projects/CODE/cobweb/lib/codeweb-complex-demo/java/com/example/dao/OrderDao.java: 1 classes, 6 methods
[INFO] 2026-05-01 04:20:36 /Users/c2j/Projects/Desktop_Projects/CODE/cobweb/lib/codeweb-complex-demo/java/com/example/util/TextUtil.java: 1 classes, 2 methods
[INFO] 2026-05-01 04:20:36 /Users/c2j/Projects/Desktop_Projects/CODE/cobweb/lib/codeweb-complex-demo/java/com/example/dao/ProductDao.java: 0 SQL extractions
[INFO] 2026-05-01 04:20:36 /Users/c2j/Projects/Desktop_Projects/CODE/cobweb/lib/codeweb-complex-demo/java/com/example/dao/PaymentDao.java: 1 classes, 4 methods
[INFO] 2026-05-01 04:20:36 /Users/c2j/Projects/Desktop_Projects/CODE/cobweb/lib/codeweb-complex-demo/java/com/example/dao/PaymentDao.java: 1 classes, 4 methods
[INFO] 2026-05-01 04:20:36 /Users/c2j/Projects/Desktop_Projects/CODE/cobweb/lib/codeweb-complex-demo/java/com/example/dao/InventoryDao.java: 1 classes, 4 methods
[INFO] 2026-05-01 04:20:36 /Users/c2j/Projects/Desktop_Projects/CODE/cobweb/lib/codeweb-complex-demo/java/com/example/dao/InventoryDao.java: 1 classes, 4 methods
[INFO] 2026-05-01 04:20:36 /Users/c2j/Projects/Desktop_Projects/CODE/cobweb/lib/codeweb-complex-demo/java/com/example/service/ReportService.java: 0 SQL extractions
[INFO] 2026-05-01 04:20:36 /Users/c2j/Projects/Desktop_Projects/CODE/cobweb/lib/codeweb-complex-demo/java/com/example/dao/ReportDao.java: 1 classes, 4 methods
[INFO] 2026-05-01 04:20:36 /Users/c2j/Projects/Desktop_Projects/CODE/cobweb/lib/codeweb-complex-demo/java/com/example/dao/ReportDao.java: 1 classes, 4 methods
[INFO] 2026-05-01 04:20:36 /Users/c2j/Projects/Desktop_Projects/CODE/cobweb/lib/codeweb-complex-demo/java/com/example/dao/ProductDao.java: 1 classes, 5 methods
[INFO] 2026-05-01 04:20:36 /Users/c2j/Projects/Desktop_Projects/CODE/cobweb/lib/codeweb-complex-demo/java/com/example/dao/ProductDao.java: 1 classes, 5 methods
[INFO] 2026-05-01 04:20:36 /Users/c2j/Projects/Desktop_Projects/CODE/cobweb/lib/codeweb-complex-demo/java/com/example/service/NotificationService.java: 0 SQL extractions
[INFO] 2026-05-01 04:20:36 /Users/c2j/Projects/Desktop_Projects/CODE/cobweb/lib/codeweb-complex-demo/java/com/example/service/BaseService.java: 0 SQL extractions
[INFO] 2026-05-01 04:20:36 /Users/c2j/Projects/Desktop_Projects/CODE/cobweb/lib/codeweb-complex-demo/java/com/example/service/NotificationService.java: 1 classes, 3 methods
[INFO] 2026-05-01 04:20:36 /Users/c2j/Projects/Desktop_Projects/CODE/cobweb/lib/codeweb-complex-demo/java/com/example/service/NotificationService.java: 1 classes, 3 methods
[INFO] 2026-05-01 04:20:36 /Users/c2j/Projects/Desktop_Projects/CODE/cobweb/lib/codeweb-complex-demo/java/com/example/service/ProductService.java: 0 SQL extractions
[INFO] 2026-05-01 04:20:36 /Users/c2j/Projects/Desktop_Projects/CODE/cobweb/lib/codeweb-complex-demo/java/com/example/service/BaseService.java: 1 classes, 2 methods
[INFO] 2026-05-01 04:20:36 /Users/c2j/Projects/Desktop_Projects/CODE/cobweb/lib/codeweb-complex-demo/java/com/example/service/BaseService.java: 1 classes, 2 methods
[INFO] 2026-05-01 04:20:36 /Users/c2j/Projects/Desktop_Projects/CODE/cobweb/lib/codeweb-complex-demo/java/com/example/service/PaymentService.java: 0 SQL extractions
[INFO] 2026-05-01 04:20:36 /Users/c2j/Projects/Desktop_Projects/CODE/cobweb/lib/codeweb-complex-demo/java/com/example/service/OrderService.java: 0 SQL extractions
[INFO] 2026-05-01 04:20:36 /Users/c2j/Projects/Desktop_Projects/CODE/cobweb/lib/codeweb-complex-demo/java/com/example/service/ProductService.java: 1 classes, 5 methods
[INFO] 2026-05-01 04:20:36 /Users/c2j/Projects/Desktop_Projects/CODE/cobweb/lib/codeweb-complex-demo/java/com/example/service/ProductService.java: 1 classes, 5 methods
[INFO] 2026-05-01 04:20:36 /Users/c2j/Projects/Desktop_Projects/CODE/cobweb/lib/codeweb-complex-demo/java/com/example/service/PaymentService.java: 1 classes, 4 methods
[INFO] 2026-05-01 04:20:36 /Users/c2j/Projects/Desktop_Projects/CODE/cobweb/lib/codeweb-complex-demo/java/com/example/service/PaymentService.java: 1 classes, 4 methods
[INFO] 2026-05-01 04:20:36 /Users/c2j/Projects/Desktop_Projects/CODE/cobweb/lib/codeweb-complex-demo/java/com/example/facade/ShopFacade.java: 0 SQL extractions
[INFO] 2026-05-01 04:20:36 /Users/c2j/Projects/Desktop_Projects/CODE/cobweb/lib/codeweb-complex-demo/java/com/example/service/ReportService.java: 1 classes, 4 methods
[INFO] 2026-05-01 04:20:36 /Users/c2j/Projects/Desktop_Projects/CODE/cobweb/lib/codeweb-complex-demo/java/com/example/service/ReportService.java: 1 classes, 4 methods
[INFO] 2026-05-01 04:20:36 /Users/c2j/Projects/Desktop_Projects/CODE/cobweb/lib/codeweb-complex-demo/java/com/example/service/InventoryService.java: 0 SQL extractions
[INFO] 2026-05-01 04:20:36 /Users/c2j/Projects/Desktop_Projects/CODE/cobweb/lib/codeweb-complex-demo/java/com/example/service/OrderService.java: 1 classes, 5 methods
[INFO] 2026-05-01 04:20:36 /Users/c2j/Projects/Desktop_Projects/CODE/cobweb/lib/codeweb-complex-demo/java/com/example/service/InventoryService.java: 1 classes, 4 methods
[INFO] 2026-05-01 04:20:36 /Users/c2j/Projects/Desktop_Projects/CODE/cobweb/lib/codeweb-complex-demo/java/com/example/service/InventoryService.java: 1 classes, 4 methods
[INFO] 2026-05-01 04:20:36 /Users/c2j/Projects/Desktop_Projects/CODE/cobweb/lib/codeweb-complex-demo/java/com/example/service/OrderService.java: 1 classes, 5 methods
[INFO] 2026-05-01 04:20:36 /Users/c2j/Projects/Desktop_Projects/CODE/cobweb/lib/codeweb-complex-demo/java/com/example/facade/ShopFacade.java: 1 classes, 4 methods
[INFO] 2026-05-01 04:20:36 /Users/c2j/Projects/Desktop_Projects/CODE/cobweb/lib/codeweb-complex-demo/java/com/example/facade/ShopFacade.java: 1 classes, 4 methods
[INFO] 2026-05-01 04:20:36 /Users/c2j/Projects/Desktop_Projects/CODE/cobweb/lib/codeweb-complex-demo/xml/InventoryMapper.xml: namespace=com.example.dao.InventoryDao, 4 statements
[INFO] 2026-05-01 04:20:36 /Users/c2j/Projects/Desktop_Projects/CODE/cobweb/lib/codeweb-complex-demo/xml/OrderMapper.xml: namespace=com.example.dao.OrderDao, 6 statements
[INFO] 2026-05-01 04:20:36 /Users/c2j/Projects/Desktop_Projects/CODE/cobweb/lib/codeweb-complex-demo/xml/ReportMapper.xml: namespace=com.example.dao.ReportDao, 4 statements
[INFO] 2026-05-01 04:20:36 /Users/c2j/Projects/Desktop_Projects/CODE/cobweb/lib/codeweb-complex-demo/xml/PaymentMapper.xml: namespace=com.example.dao.PaymentDao, 4 statements
[INFO] 2026-05-01 04:20:36 /Users/c2j/Projects/Desktop_Projects/CODE/cobweb/lib/codeweb-complex-demo/xml/ProductMapper.xml: namespace=com.example.dao.ProductDao, 5 statements
[INFO] 2026-05-01 04:20:36 /Users/c2j/Projects/Desktop_Projects/CODE/cobweb/lib/codeweb-complex-demo/xml/GenerateInstructionsMapper.xml: namespace=generateInstructionsMapper, 18 statements
[WARN] 2026-05-01 04:20:36 /Users/c2j/Projects/Desktop_Projects/CODE/cobweb/lib/codeweb-complex-demo/sql/pkg_order.sql: unresolved: call target 'pkg_inventory.reserve_stock' (from pkg_order.sql:0) not found in parsed files
[WARN] 2026-05-01 04:20:36 /Users/c2j/Projects/Desktop_Projects/CODE/cobweb/lib/codeweb-complex-demo/sql/pkg_report.sql: unresolved: call target 'pkg_order.get_order_detail' (from pkg_report.sql:0) not found in parsed files
[WARN] 2026-05-01 04:20:36 /Users/c2j/Projects/Desktop_Projects/CODE/cobweb/lib/codeweb-complex-demo/sql/PKG_DEPOSIT_ACNT_INFO_INQUIRY.sql: unresolved: call target 'pkg_rpt_batch_download.export_info_add' (from PKG_DEPOSIT_ACNT_INFO_INQUIRY.sql:0) not found in parsed files
[WARN] 2026-05-01 04:20:36 /Users/c2j/Projects/Desktop_Projects/CODE/cobweb/lib/codeweb-complex-demo/xml/OrderMapper.xml: unresolved: mapper 'com.example.dao.OrderDao.cancelOrder' calls 'pkg_order.cancel_order' not found in parsed files
[WARN] 2026-05-01 04:20:36 /Users/c2j/Projects/Desktop_Projects/CODE/cobweb/lib/codeweb-complex-demo/xml/OrderMapper.xml: unresolved: mapper 'com.example.dao.OrderDao.batchCreateOrders' calls 'pkg_order.batch_create_orders' not found in parsed files
[WARN] 2026-05-01 04:20:36 /Users/c2j/Projects/Desktop_Projects/CODE/cobweb/lib/codeweb-complex-demo/xml/OrderMapper.xml: unresolved: mapper 'com.example.dao.OrderDao.completeOrder' calls 'pkg_order.complete_order' not found in parsed files
[WARN] 2026-05-01 04:20:36 /Users/c2j/Projects/Desktop_Projects/CODE/cobweb/lib/codeweb-complex-demo/xml/ReportMapper.xml: unresolved: mapper 'com.example.dao.ReportDao.generateSalesReport' calls 'pkg_report.generate_sales_report' not found in parsed files
[WARN] 2026-05-01 04:20:36 /Users/c2j/Projects/Desktop_Projects/CODE/cobweb/lib/codeweb-complex-demo/xml/ReportMapper.xml: unresolved: mapper 'com.example.dao.ReportDao.exportReport' calls 'pkg_report.export_report_to_file' not found in parsed files
[WARN] 2026-05-01 04:20:36 /Users/c2j/Projects/Desktop_Projects/CODE/cobweb/lib/codeweb-complex-demo/xml/ReportMapper.xml: unresolved: mapper 'com.example.dao.ReportDao.cleanupOldReports' calls 'pkg_report.cleanup_old_reports' not found in parsed files
[WARN] 2026-05-01 04:20:36 /Users/c2j/Projects/Desktop_Projects/CODE/cobweb/lib/codeweb-complex-demo/xml/ProductMapper.xml: unresolved: mapper 'com.example.dao.ProductDao.searchProducts' calls 'pkg_product.search_products' not found in parsed files
[WARN] 2026-05-01 04:20:36 /Users/c2j/Projects/Desktop_Projects/CODE/cobweb/lib/codeweb-complex-demo/xml/ProductMapper.xml: unresolved: mapper 'com.example.dao.ProductDao.updatePrice' calls 'pkg_product.update_product_price' not found in parsed files
[WARN] 2026-05-01 04:20:36 /Users/c2j/Projects/Desktop_Projects/CODE/cobweb/lib/codeweb-complex-demo/xml/ProductMapper.xml: unresolved: mapper 'com.example.dao.ProductDao.batchUpdatePrices' calls 'pkg_product.batch_update_prices' not found in parsed files
[WARN] 2026-05-01 04:20:36 /Users/c2j/Projects/Desktop_Projects/CODE/cobweb/lib/codeweb-complex-demo/xml/ProductMapper.xml: unresolved: mapper 'com.example.dao.ProductDao.deactivateProduct' calls 'pkg_product.deactivate_product' not found in parsed files
[WARN] 2026-05-01 04:20:36 /Users/c2j/Projects/Desktop_Projects/CODE/cobweb/lib/codeweb-complex-demo/xml/PaymentMapper.xml: unresolved: mapper 'com.example.dao.PaymentDao.refundPayment' calls 'pkg_payment.refund_payment' not found in parsed files
[WARN] 2026-05-01 04:20:36 /Users/c2j/Projects/Desktop_Projects/CODE/cobweb/lib/codeweb-complex-demo/xml/PaymentMapper.xml: unresolved: mapper 'com.example.dao.PaymentDao.reconcilePayments' calls 'pkg_payment.reconcile_payments' not found in parsed files
[WARN] 2026-05-01 04:20:36 /Users/c2j/Projects/Desktop_Projects/CODE/cobweb/lib/codeweb-complex-demo/xml/InventoryMapper.xml: unresolved: mapper 'com.example.dao.InventoryDao.releaseStock' calls 'pkg_inventory.release_stock' not found in parsed files
[WARN] 2026-05-01 04:20:36 /Users/c2j/Projects/Desktop_Projects/CODE/cobweb/lib/codeweb-complex-demo/xml/InventoryMapper.xml: unresolved: mapper 'com.example.dao.InventoryDao.syncFromSupplier' calls 'pkg_inventory.sync_from_supplier' not found in parsed files
